// Jest Snapshot v1, https://goo.gl/fbAQLP

exports[`Dashboard Dashboard should render correctly in "debug" mode 1`] = `ShallowWrapper {}`;
